#-----------------------------------------------------------
# Vivado v2024.1 (64-bit)
# SW Build 5076996 on Wed May 22 18:37:14 MDT 2024
# IP Build 5075265 on Wed May 22 21:45:21 MDT 2024
# SharedData Build 5076995 on Wed May 22 18:29:18 MDT 2024
# Start of session at: Wed Dec 18 20:03:55 2024
# Process ID: 26948
# Current directory: G:/UCAS_Digital_IC/sqrt_calc/sqrt_calc.runs/impl_1
# Command line: vivado.exe -log sqrt_top.vdi -applog -product Vivado -messageDb vivado.pb -mode batch -source sqrt_top.tcl -notrace
# Log file: G:/UCAS_Digital_IC/sqrt_calc/sqrt_calc.runs/impl_1/sqrt_top.vdi
# Journal file: G:/UCAS_Digital_IC/sqrt_calc/sqrt_calc.runs/impl_1\vivado.jou
# Running On        :LAPTOP-V3086H9T
# Platform          :Windows Server 2016 or Windows 10
# Operating System  :22631
# Processor Detail  :Intel(R) Core(TM) i9-14900HX
# CPU Frequency     :2419 MHz
# CPU Physical cores:24
# CPU Logical cores :32
# Host memory       :33951 MB
# Swap memory       :2147 MB
# Total Virtual     :36099 MB
# Available Virtual :21224 MB
#-----------------------------------------------------------
source sqrt_top.tcl -notrace
