#-----------------------------------------------------------
# Vivado v2024.1 (64-bit)
# SW Build 5076996 on Wed May 22 18:37:14 MDT 2024
# IP Build 5075265 on Wed May 22 21:45:21 MDT 2024
# SharedData Build 5076995 on Wed May 22 18:29:18 MDT 2024
# Start of session at: Sun Dec  8 18:53:44 2024
# Process ID: 27280
# Current directory: C:/Users/Exusisa/Desktop/UCAS_Digital_IC/multiply/multiply.runs/impl_1
# Command line: vivado.exe -log top_mul.vdi -applog -product Vivado -messageDb vivado.pb -mode batch -source top_mul.tcl -notrace
# Log file: C:/Users/Exusisa/Desktop/UCAS_Digital_IC/multiply/multiply.runs/impl_1/top_mul.vdi
# Journal file: C:/Users/Exusisa/Desktop/UCAS_Digital_IC/multiply/multiply.runs/impl_1\vivado.jou
# Running On        :LAPTOP-V3086H9T
# Platform          :Windows Server 2016 or Windows 10
# Operating System  :22631
# Processor Detail  :Intel(R) Core(TM) i9-14900HX
# CPU Frequency     :2419 MHz
# CPU Physical cores:24
# CPU Logical cores :32
# Host memory       :33951 MB
# Swap memory       :2147 MB
# Total Virtual     :36099 MB
# Available Virtual :16169 MB
#-----------------------------------------------------------
source top_mul.tcl -notrace
